kartikartikeya@Nandigamas-MacBook-Air Week_1_Deliverables_ % git init
Reinitialized existing Git repository in /Users/kartikartikeya/Projects/coastal-seven/.git/
kartikartikeya@Nandigamas-MacBook-Air Week_1_Deliverables_ % ls -a 
.                       .git                    data.json
..                      .gitignore
.DS_Store               Week_1_Deliverables_
kartikartikeya@Nandigamas-MacBook-Air Week_1_Deliverables_ % git config --list
credential.helper=osxkeychain
init.defaultbranch=main
user.name=nandigamakarti
user.email=nandigamakarti@gmail.com
core.repositoryformatversion=0
core.filemode=true
core.bare=false
core.logallrefupdates=true
core.ignorecase=true
core.precomposeunicode=true
user.name=kartikeyacs36
user.email=kartikeyaCS36-G6@coastalseven.com
kartikartikeya@Nandigamas-MacBook-Air Week_1_Deliverables_ % git status
On branch main
Changes not staged for commit:
  (use "git add/rm <file>..." to update what will be committed)
  (use "git restore <file>..." to discard changes in working directory)
        modified:   .DS_Store
        deleted:    Week1_Deliverables/.DS_Store
        deleted:    Week1_Deliverables/day1_python_basics/.DS_Store
        deleted:    Week1_Deliverables/day1_python_basics/Variables.py

Untracked files:
  (use "git add <file>..." to include in what will be committed)
        .gitignore
        Week_1_Deliverables_/
        data.json

no changes added to commit (use "git add" and/or "git commit -a")
kartikartikeya@Nandigamas-MacBook-Air Week_1_Deliverables_ % git add .
warning: adding embedded git repository: Week_1_Deliverables_
hint: You've added another git repository inside your current repository.
hint: Clones of the outer repository will not contain the contents of
hint: the embedded repository and will not know how to obtain it.
hint: If you meant to add a submodule, use:
hint:
hint:   git submodule add <url> Week_1_Deliverables_
hint:
hint: If you added this path by mistake, you can remove it from the
hint: index with:
hint:
hint:   git rm --cached Week_1_Deliverables_
hint:
hint: See "git help submodule" for more information.
hint: Disable this message with "git config set advice.addEmbeddedRepo false"
kartikartikeya@Nandigamas-MacBook-Air Week_1_Deliverables_ % git commit -m"commit
"
[main 7ce1006] commit
 7 files changed, 2 insertions(+), 7 deletions(-)
 create mode 100644 .gitignore
 delete mode 100644 Week1_Deliverables/.DS_Store
 delete mode 100644 Week1_Deliverables/day1_python_basics/.DS_Store
 delete mode 100644 Week1_Deliverables/day1_python_basics/Variables.py
 create mode 160000 Week_1_Deliverables_
 create mode 100644 data.json
kartikartikeya@Nandigamas-MacBook-Air Week_1_Deliverables_ % git log
commit 7ce100674c0118ade85afb8f6b3d5fc1a6f3405d (HEAD -> main)
Author: kartikeyacs36 <kartikeyaCS36-G6@coastalseven.com>
Date:   Wed May 20 12:56:04 2026 +0530

    commit

commit 5e1effcf6a930052d118ac0e46f0ead838d6fceb
Author: nandigamakarti <nandigamakarti@gmail.com>
Date:   Mon May 18 12:04:03 2026 +0530

    Variables

commit c78a536ccb99a4ece1ebe529c7d90ea71460ced5
Author: nandigamakarti <nandigamakarti@gmail.com>
Date:   Mon May 18 12:02:10 2026 +0530

kartikartikeya@Nandigamas-MacBook-Air Week_1_Deliverables_ % git remote -v

kartikartikeya@Nandigamas-MacBook-Air Week_1_Deliverables_ % git remote add origin git@github.com:kartikeyacs36/Week_1_Deliverables_git.git
kartikartikeya@Nandigamas-MacBook-Air Week_1_Deliverables_ % git remote -v
origin  git@github.com:kartikeyacs36/Week_1_Deliverables_git.git (fetch)
origin  git@github.com:kartikeyacs36/Week_1_Deliverables_git.git (push)
kartikartikeya@Nandigamas-MacBook-Air Week_1_Deliverables_ % git branch te
st
kartikartikeya@Nandigamas-MacBook-Air Week_1_Deliverables_ % git branch
* main
  test
kartikartikeya@Nandigamas-MacBook-Air Week_1_Deliverables_ % git switch te
st
Switched to branch 'test'
kartikartikeya@Nandigamas-MacBook-Air Week_1_Deliverables_ % git add .
kartikartikeya@Nandigamas-MacBook-Air Week_1_Deliverables_ % git commit -m"test"
[test 0db2017] test
 1 file changed, 0 insertions(+), 0 deletions(-)
 create mode 100644 day3_git_github/theory.txt
kartikartikeya@Nandigamas-MacBook-Air Week_1_Deliverables_ % git push orig
in test
Enumerating objects: 6, done.
Counting objects: 100% (6/6), done.
Delta compression using up to 8 threads
Compressing objects: 100% (3/3), done.
Writing objects: 100% (4/4), 348 bytes | 348.00 KiB/s, done.
Total 4 (delta 1), reused 0 (delta 0), pack-reused 0 (from 0)
remote: Resolving deltas: 100% (1/1), completed with 1 local object.
remote: 
remote: Create a pull request for 'test' on GitHub by visiting:
remote:      https://github.com/kartikeyacs36/Week_1_Deliverables_/pull/new/test
remote: 
To github-coastal:kartikeyacs36/Week_1_Deliverables_.git
 * [new branch]      test -> test
kartikartikeya@Nandigamas-MacBook-Air Week_1_Deliverables_ % git switch ma
in
Switched to branch 'main'
Your branch is up to date with 'origin/main'.
kartikartikeya@Nandigamas-MacBook-Air Week_1_Deliverables_ % git merge tes
t
Updating 9756bb1..0db2017
Fast-forward
 day3_git_github/theory.txt | 0
 1 file changed, 0 insertions(+), 0 deletions(-)
 create mode 100644 day3_git_github/theory.txt
kartikartikeya@Nandigamas-MacBook-Air Week_1_Deliverables_ % git switch te
st
Switched to branch 'test'
kartikartikeya@Nandigamas-MacBook-Air Week_1_Deliverables_ % 

